 Assignment2_ModernCpp

 Timestamp is 5f4388b6 (Mon Aug 24 15:00:30 2020)

 Preferred load address is 00400000

 Start         Length     Name                   Class
 0001:00000000 00010000H .textbss                DATA
 0002:00000000 00006620H .text$mn                CODE
 0002:00006620 00001186H .text$x                 CODE
 0003:00000000 00000104H .CRT$XCA                DATA
 0003:00000104 00000104H .CRT$XCAA               DATA
 0003:00000208 00000104H .CRT$XCZ                DATA
 0003:0000030c 00000104H .CRT$XIA                DATA
 0003:00000410 00000104H .CRT$XIAA               DATA
 0003:00000514 00000104H .CRT$XIAC               DATA
 0003:00000618 00000104H .CRT$XIZ                DATA
 0003:0000071c 00000104H .CRT$XPA                DATA
 0003:00000820 00000104H .CRT$XPZ                DATA
 0003:00000924 00000104H .CRT$XTA                DATA
 0003:00000a28 00000108H .CRT$XTZ                DATA
 0003:00000b30 00000c64H .rdata                  DATA
 0003:00001794 0000019cH .rdata$zzzdbg           DATA
 0003:00001930 00000104H .rtc$IAA                DATA
 0003:00001a34 00000104H .rtc$IMZ                DATA
 0003:00001b38 00000104H .rtc$IZZ                DATA
 0003:00001c3c 00000104H .rtc$TAA                DATA
 0003:00001d40 00000104H .rtc$TMZ                DATA
 0003:00001e44 00000104H .rtc$TZZ                DATA
 0003:00001f48 000002f8H .xdata$x                DATA
 0003:00002240 00000000H .edata                  DATA
 0004:00000000 00000138H .data                   DATA
 0004:00000138 00000468H .bss                    DATA
 0005:00000000 00000250H .idata$5                DATA
 0005:00000250 00000050H .idata$2                DATA
 0005:000002a0 00000014H .idata$3                DATA
 0005:000002b4 00000250H .idata$4                DATA
 0005:00000504 00000c2eH .idata$6                DATA
 0006:00000000 00000138H .msvcjmc                DATA
 0007:00000000 00000109H .00cfg                  DATA
 0008:00000000 00000170H .rsrc$01                DATA
 0008:00000170 000002ccH .rsrc$02                DATA

  Address         Publics by Value              Rva+Base       Lib:Object

 0000:00000000       ___guard_fids_count        00000000     <absolute>
 0000:00000000       ___enclave_config          00000000     <absolute>
 0000:00000000       ___guard_iat_count         00000000     <absolute>
 0000:00000000       ___hybrid_code_map         00000000     <absolute>
 0000:00000000       ___hybrid_auxiliary_iat    00000000     <absolute>
 0000:00000000       ___safe_se_handler_count   00000000     <absolute>
 0000:00000000       ___arm64x_native_entrypoint 00000000     <absolute>
 0000:00000000       ___AbsoluteZero            00000000     <absolute>
 0000:00000000       ___arm64x_redirection_metadata 00000000     <absolute>
 0000:00000000       ___guard_iat_table         00000000     <absolute>
 0000:00000000       ___guard_eh_cont_count     00000000     <absolute>
 0000:00000000       ___guard_eh_cont_table     00000000     <absolute>
 0000:00000000       ___hybrid_code_map_count   00000000     <absolute>
 0000:00000000       ___dynamic_value_reloc_table 00000000     <absolute>
 0000:00000000       ___x64_code_ranges_to_entry_points 00000000     <absolute>
 0000:00000000       ___volatile_metadata       00000000     <absolute>
 0000:00000000       ___guard_longjmp_count     00000000     <absolute>
 0000:00000000       ___guard_longjmp_table     00000000     <absolute>
 0000:00000000       ___safe_se_handler_table   00000000     <absolute>
 0000:00000000       ___guard_fids_table        00000000     <absolute>
 0000:00000100       ___guard_flags             00000100     <absolute>
 0000:00000000       ___ImageBase               00400000     <linker-defined>
 0001:00000000       __enc$textbss$begin        00401000     <linker-defined>
 0001:00010000       __enc$textbss$end          00411000     <linker-defined>
 0002:00000850       ??$?6U?$char_traits@D@std@@@std@@YAAAV?$basic_ostream@DU?$char_traits@D@std@@@0@AAV10@PBD@Z 00411850 f i Source.obj
 0002:00000d00       ?__empty_global_delete@@YAXPAXI@Z 00411d00 f i Source.obj
 0002:00000d70       ?eof@?$_Narrow_char_traits@DH@std@@SAHXZ 00411d70 f i Source.obj
 0002:00000e30       ??$endl@DU?$char_traits@D@std@@@std@@YAAAV?$basic_ostream@DU?$char_traits@D@std@@@0@AAV10@@Z 00411e30 f i Source.obj
 0002:00000ee0       ??0_Sentry_base@?$basic_ostream@DU?$char_traits@D@std@@@std@@QAE@AAV12@@Z 00411ee0 f i Source.obj
 0002:00000fa0       ??0sentry@?$basic_ostream@DU?$char_traits@D@std@@@std@@QAE@AAV12@@Z 00411fa0 f i Source.obj
 0002:00001110       ??1_Sentry_base@?$basic_ostream@DU?$char_traits@D@std@@@std@@QAE@XZ 00412110 f i Source.obj
 0002:00001200       ??1sentry@?$basic_ostream@DU?$char_traits@D@std@@@std@@QAE@XZ 00412200 f i Source.obj
 0002:000012f0       ??Bsentry@?$basic_ostream@DU?$char_traits@D@std@@@std@@QBE_NXZ 004122f0 f i Source.obj
 0002:00001350       ?Add@@YAXHHAAH@Z           00412350 f   Source.obj
 0002:000013b0       ?Factorial@@YAXHAAH@Z      004123b0 f   Source.obj
 0002:00001480       ?Swap@@YAXAAH0@Z           00412480 f   Source.obj
 0002:00001510       ?__empty_global_delete@@YAXPAX@Z 00412510 f i Source.obj
 0002:00001640       ?eq_int_type@?$_Narrow_char_traits@DH@std@@SA_NABH0@Z 00412640 f i Source.obj
 0002:00001700       ?length@?$_Narrow_char_traits@DH@std@@SAIQBD@Z 00412700 f i Source.obj
 0002:000017a0       __JustMyCode_Default       004127a0 f i Source.obj
 0002:000017b0       _main                      004127b0 f   Source.obj
 0002:00001af6       ?uncaught_exception@std@@YA_NXZ 00412af6 f   msvcprtd:MSVCP140D.dll
 0002:00001afc       ?good@ios_base@std@@QBE_NXZ 00412afc f   msvcprtd:MSVCP140D.dll
 0002:00001b02       ?flags@ios_base@std@@QBEHXZ 00412b02 f   msvcprtd:MSVCP140D.dll
 0002:00001b08       ?width@ios_base@std@@QBE_JXZ 00412b08 f   msvcprtd:MSVCP140D.dll
 0002:00001b0e       ?width@ios_base@std@@QAE_J_J@Z 00412b0e f   msvcprtd:MSVCP140D.dll
 0002:00001b14       ?sputc@?$basic_streambuf@DU?$char_traits@D@std@@@std@@QAEHD@Z 00412b14 f   msvcprtd:MSVCP140D.dll
 0002:00001b1a       ?sputn@?$basic_streambuf@DU?$char_traits@D@std@@@std@@QAE_JPBD_J@Z 00412b1a f   msvcprtd:MSVCP140D.dll
 0002:00001b20       ?setstate@?$basic_ios@DU?$char_traits@D@std@@@std@@QAEXH_N@Z 00412b20 f   msvcprtd:MSVCP140D.dll
 0002:00001b26       ?tie@?$basic_ios@DU?$char_traits@D@std@@@std@@QBEPAV?$basic_ostream@DU?$char_traits@D@std@@@2@XZ 00412b26 f   msvcprtd:MSVCP140D.dll
 0002:00001b2c       ?rdbuf@?$basic_ios@DU?$char_traits@D@std@@@std@@QBEPAV?$basic_streambuf@DU?$char_traits@D@std@@@2@XZ 00412b2c f   msvcprtd:MSVCP140D.dll
 0002:00001b32       ?fill@?$basic_ios@DU?$char_traits@D@std@@@std@@QBEDXZ 00412b32 f   msvcprtd:MSVCP140D.dll
 0002:00001b38       ?widen@?$basic_ios@DU?$char_traits@D@std@@@std@@QBEDD@Z 00412b38 f   msvcprtd:MSVCP140D.dll
 0002:00001b3e       ?_Osfx@?$basic_ostream@DU?$char_traits@D@std@@@std@@QAEXXZ 00412b3e f   msvcprtd:MSVCP140D.dll
 0002:00001b44       ??6?$basic_ostream@DU?$char_traits@D@std@@@std@@QAEAAV01@P6AAAV01@AAV01@@Z@Z 00412b44 f   msvcprtd:MSVCP140D.dll
 0002:00001b4a       ??6?$basic_ostream@DU?$char_traits@D@std@@@std@@QAEAAV01@H@Z 00412b4a f   msvcprtd:MSVCP140D.dll
 0002:00001b50       ?put@?$basic_ostream@DU?$char_traits@D@std@@@std@@QAEAAV12@D@Z 00412b50 f   msvcprtd:MSVCP140D.dll
 0002:00001b56       ?flush@?$basic_ostream@DU?$char_traits@D@std@@@std@@QAEAAV12@XZ 00412b56 f   msvcprtd:MSVCP140D.dll
 0002:00001b5c       ??5?$basic_istream@DU?$char_traits@D@std@@@std@@QAEAAV01@AAH@Z 00412b5c f   msvcprtd:MSVCP140D.dll
 0002:00001b70       @_RTC_AllocaHelper@12      00412b70 f   MSVCRTD:stack.obj
 0002:00001bb0       @_RTC_CheckStackVars2@12   00412bb0 f   MSVCRTD:stack.obj
 0002:00001cc0       @_RTC_CheckStackVars@8     00412cc0 f   MSVCRTD:stack.obj
 0002:00001d30       __RTC_CheckEsp             00412d30 f   MSVCRTD:stack.obj
 0002:00001d70       @__CheckForDebuggerJustMyCode@4 00412d70 f   MSVCRTD:debugger_jmc.obj
 0002:00001dc0       @__security_check_cookie@4 00412dc0 f   MSVCRTD:secchk.obj
 0002:00001de0       __CRT_RTC_INIT             00412de0 f   MSVCRTD:init.obj
 0002:00001df0       __CRT_RTC_INITW            00412df0 f   MSVCRTD:init.obj
 0002:00001e00       __RTC_InitBase             00412e00 f   MSVCRTD:init.obj
 0002:00001e40       __RTC_Shutdown             00412e40 f   MSVCRTD:init.obj
 0002:00002230       ?configure_argv@__scrt_narrow_argv_policy@@SAHXZ 00413230 f i MSVCRTD:exe_main.obj
 0002:00002250       ?initialize_environment@__scrt_narrow_environment_policy@@SAHXZ 00413250 f i MSVCRTD:exe_main.obj
 0002:000022b0       ?set_app_type@__scrt_main_policy@@SAXXZ 004132b0 f i MSVCRTD:exe_main.obj
 0002:000022d0       ?set_commode@__scrt_file_policy@@SAXXZ 004132d0 f i MSVCRTD:exe_main.obj
 0002:000022f0       ?set_fmode@__scrt_file_policy@@SAXXZ 004132f0 f i MSVCRTD:exe_main.obj
 0002:00002310       _mainCRTStartup            00413310 f   MSVCRTD:exe_main.obj
 0002:000023d0       ?_RTC_AllocaFailure@@YAXPAXPAU_RTC_ALLOCA_NODE@@H@Z 004133d0 f   MSVCRTD:error.obj
 0002:000024f0       ?_RTC_Failure@@YAXPAXH@Z   004134f0 f   MSVCRTD:error.obj
 0002:00002560       ?_RTC_StackFailure@@YAXPAXPBD@Z 00413560 f   MSVCRTD:error.obj
 0002:00002a10       __RTC_UninitUse            00413a10 f   MSVCRTD:error.obj
 0002:00002af0       ___local_stdio_printf_options 00413af0 f i MSVCRTD:error.obj
 0002:00002b00       __vsprintf_s_l             00413b00 f i MSVCRTD:error.obj
 0002:00002b40       _sprintf_s                 00413b40 f i MSVCRTD:error.obj
 0002:00002b70       ___raise_securityfailure   00413b70 f   MSVCRTD:gs_report.obj
 0002:00002bb0       ___report_gsfailure        00413bb0 f   MSVCRTD:gs_report.obj
 0002:00002d00       ___report_rangecheckfailure 00413d00 f   MSVCRTD:gs_report.obj
 0002:00002d10       ___report_securityfailure  00413d10 f   MSVCRTD:gs_report.obj
 0002:00002e20       ___report_securityfailureEx 00413e20 f   MSVCRTD:gs_report.obj
 0002:00002f90       ?_RTC_GetErrorFunc@@YAP6AHHPBDH00ZZPBX@Z 00413f90 f   MSVCRTD:userapi.obj
 0002:00002fa0       ?_RTC_GetErrorFuncW@@YAP6AHHPB_WH00ZZPBX@Z 00413fa0 f   MSVCRTD:userapi.obj
 0002:00002fb0       __RTC_GetErrDesc           00413fb0 f   MSVCRTD:userapi.obj
 0002:00002fd0       __RTC_NumErrors            00413fd0 f   MSVCRTD:userapi.obj
 0002:00002fe0       __RTC_SetErrorFunc         00413fe0 f   MSVCRTD:userapi.obj
 0002:00003010       __RTC_SetErrorFuncW        00414010 f   MSVCRTD:userapi.obj
 0002:00003040       __RTC_SetErrorType         00414040 f   MSVCRTD:userapi.obj
 0002:000031b0       _NtCurrentTeb              004141b0 f i MSVCRTD:utility.obj
 0002:000031c0       ___scrt_acquire_startup_lock 004141c0 f   MSVCRTD:utility.obj
 0002:00003220       ___scrt_dllmain_after_initialize_c 00414220 f   MSVCRTD:utility.obj
 0002:00003260       ___scrt_dllmain_before_initialize_c 00414260 f   MSVCRTD:utility.obj
 0002:00003290       ___scrt_dllmain_crt_thread_attach 00414290 f   MSVCRTD:utility.obj
 0002:000032d0       ___scrt_dllmain_crt_thread_detach 004142d0 f   MSVCRTD:utility.obj
 0002:000032f0       ___scrt_dllmain_exception_filter 004142f0 f   MSVCRTD:utility.obj
 0002:00003350       ___scrt_dllmain_uninitialize_c 00414350 f   MSVCRTD:utility.obj
 0002:00003390       ___scrt_dllmain_uninitialize_critical 00414390 f   MSVCRTD:utility.obj
 0002:000033b0       ___scrt_initialize_crt     004143b0 f   MSVCRTD:utility.obj
 0002:00003410       ___scrt_initialize_onexit_tables 00414410 f   MSVCRTD:utility.obj
 0002:00003520       ___scrt_is_nonwritable_in_current_image 00414520 f   MSVCRTD:utility.obj
 0002:000036a0       ___scrt_release_startup_lock 004146a0 f   MSVCRTD:utility.obj
 0002:000036d0       ___scrt_uninitialize_crt   004146d0 f   MSVCRTD:utility.obj
 0002:00003720       __onexit                   00414720 f   MSVCRTD:utility.obj
 0002:000037a0       _at_quick_exit             004147a0 f   MSVCRTD:utility.obj
 0002:000037f0       _atexit                    004147f0 f   MSVCRTD:utility.obj
 0002:000038c0       ___security_init_cookie    004148c0 f   MSVCRTD:gs_support.obj
 0002:00003960       __matherr                  00414960 f   MSVCRTD:matherr.obj
 0002:00003970       __get_startup_argv_mode    00414970 f   MSVCRTD:argv_mode.obj
 0002:00003980       __get_startup_commit_mode  00414980 f   MSVCRTD:commit_mode.obj
 0002:00003990       __get_startup_file_mode    00414990 f   MSVCRTD:file_mode.obj
 0002:000039a0       __get_startup_new_mode     004149a0 f   MSVCRTD:new_mode.obj
 0002:000039b0       __get_startup_thread_locale_mode 004149b0 f   MSVCRTD:thread_locale.obj
 0002:000039c0       ?__scrt_initialize_type_info@@YAXXZ 004149c0 f   MSVCRTD:tncleanup.obj
 0002:000039e0       ?__scrt_uninitialize_type_info@@YAXXZ 004149e0 f   MSVCRTD:tncleanup.obj
 0002:00003a00       __should_initialize_environment 00414a00 f   MSVCRTD:env_mode.obj
 0002:00003a10       __initialize_default_precision 00414a10 f   MSVCRTD:default_precision.obj
 0002:00003a40       __initialize_invalid_parameter_handler 00414a40 f   MSVCRTD:invalid_parameter_handler.obj
 0002:00003a50       __initialize_denormal_control 00414a50 f   MSVCRTD:denormal_control.obj
 0002:00003a60       ___local_stdio_scanf_options 00414a60 f i MSVCRTD:default_local_stdio_options.obj
 0002:00003a70       ___scrt_initialize_default_local_stdio_options 00414a70 f   MSVCRTD:default_local_stdio_options.obj
 0002:00003ac0       ___scrt_is_user_matherr_present 00414ac0 f   MSVCRTD:matherr_detection.obj
 0002:00003af0       ___scrt_get_dyn_tls_init_callback 00414af0 f   MSVCRTD:dyn_tls_init.obj
 0002:00003b00       ___scrt_get_dyn_tls_dtor_callback 00414b00 f   MSVCRTD:dyn_tls_dtor.obj
 0002:00003b10       ___scrt_fastfail           00414b10 f   MSVCRTD:utility_desktop.obj
 0002:00003ca0       ___scrt_get_show_window_mode 00414ca0 f   MSVCRTD:utility_desktop.obj
 0002:00003cf0       ___scrt_initialize_mta     00414cf0 f   MSVCRTD:utility_desktop.obj
 0002:00003d00       ___scrt_initialize_winrt   00414d00 f   MSVCRTD:utility_desktop.obj
 0002:00003d10       ___scrt_is_managed_app     00414d10 f   MSVCRTD:utility_desktop.obj
 0002:00003dc0       ___scrt_set_unhandled_exception_filter 00414dc0 f   MSVCRTD:utility_desktop.obj
 0002:00003de0       ___scrt_exe_initialize_mta 00414de0 f   MSVCRTD:utility_desktop.obj
 0002:00003de0       ___scrt_stub_for_initialize_mta 00414de0 f   MSVCRTD:utility_desktop.obj
 0002:00003df0       ___scrt_unhandled_exception_filter@4 00414df0 f   MSVCRTD:utility_desktop.obj
 0002:00003e90       __crt_debugger_hook        00414e90 f   MSVCRTD:utility_desktop.obj
 0002:00003eb0       __RTC_Initialize           00414eb0 f   MSVCRTD:initsect.obj
 0002:00003ef0       __RTC_Terminate            00414ef0 f   MSVCRTD:initsect.obj
 0002:00003f30       __except_handler4          00414f30 f   MSVCRTD:chandler4gs.obj
 0002:00003f80       @_guard_check_icall_nop@4  00414f80 f i MSVCRTD:guard_support.obj
 0002:00003f90       _ReadNoFence               00414f90 f i MSVCRTD:guard_support.obj
 0002:00003fb0       _ReadPointerNoFence        00414fb0 f i MSVCRTD:guard_support.obj
 0002:00003fd0       __guard_icall_checks_enforced 00414fd0 f i MSVCRTD:guard_support.obj
 0002:000045a0       ?_RTC_GetSrcLine@@YAHPAEPA_WKPAH1K@Z 004155a0 f   MSVCRTD:pdblkup.obj
 0002:00004a00       __except_handler4_noexcept 00415a00 f   MSVCRTD:chandler4_noexcept.obj
 0002:00004a80       ___isa_available_init      00415a80 f   MSVCRTD:cpu_disp.obj
 0002:00004e80       ___scrt_is_ucrt_dll_in_use 00415e80 f   MSVCRTD:ucrt_detection.obj
 0002:00004ead       ___CxxFrameHandler3        00415ead f   vcruntimed:VCRUNTIME140D.dll
 0002:00004eb3       ___std_type_info_destroy_list 00415eb3 f   vcruntimed:VCRUNTIME140D.dll
 0002:00004eb9       ___current_exception       00415eb9 f   vcruntimed:VCRUNTIME140D.dll
 0002:00004ebf       ___current_exception_context 00415ebf f   vcruntimed:VCRUNTIME140D.dll
 0002:00004ec5       _memset                    00415ec5 f   vcruntimed:VCRUNTIME140D.dll
 0002:00004ecb       __except_handler4_common   00415ecb f   vcruntimed:VCRUNTIME140D.dll
 0002:00004ed1       ___vcrt_GetModuleFileNameW 00415ed1 f   vcruntimed:VCRUNTIME140D.dll
 0002:00004ed7       ___vcrt_GetModuleHandleW   00415ed7 f   vcruntimed:VCRUNTIME140D.dll
 0002:00004edd       ___vcrt_LoadLibraryExW     00415edd f   vcruntimed:VCRUNTIME140D.dll
 0002:00004ee3       _strlen                    00415ee3 f   ucrtd:ucrtbased.dll
 0002:00004ee9       __CrtDbgReport             00415ee9 f   ucrtd:ucrtbased.dll
 0002:00004eef       __CrtDbgReportW            00415eef f   ucrtd:ucrtbased.dll
 0002:00004ef5       __seh_filter_exe           00415ef5 f   ucrtd:ucrtbased.dll
 0002:00004efb       __set_app_type             00415efb f   ucrtd:ucrtbased.dll
 0002:00004f01       ___setusermatherr          00415f01 f   ucrtd:ucrtbased.dll
 0002:00004f07       __configure_narrow_argv    00415f07 f   ucrtd:ucrtbased.dll
 0002:00004f0d       __initialize_narrow_environment 00415f0d f   ucrtd:ucrtbased.dll
 0002:00004f13       __get_initial_narrow_environment 00415f13 f   ucrtd:ucrtbased.dll
 0002:00004f19       __initterm                 00415f19 f   ucrtd:ucrtbased.dll
 0002:00004f1f       __initterm_e               00415f1f f   ucrtd:ucrtbased.dll
 0002:00004f25       _exit                      00415f25 f   ucrtd:ucrtbased.dll
 0002:00004f2b       __exit                     00415f2b f   ucrtd:ucrtbased.dll
 0002:00004f31       __set_fmode                00415f31 f   ucrtd:ucrtbased.dll
 0002:00004f37       ___p___argc                00415f37 f   ucrtd:ucrtbased.dll
 0002:00004f3d       ___p___argv                00415f3d f   ucrtd:ucrtbased.dll
 0002:00004f43       __cexit                    00415f43 f   ucrtd:ucrtbased.dll
 0002:00004f49       __c_exit                   00415f49 f   ucrtd:ucrtbased.dll
 0002:00004f4f       __register_thread_local_exe_atexit_callback 00415f4f f   ucrtd:ucrtbased.dll
 0002:00004f55       __configthreadlocale       00415f55 f   ucrtd:ucrtbased.dll
 0002:00004f5b       __set_new_mode             00415f5b f   ucrtd:ucrtbased.dll
 0002:00004f61       ___p__commode              00415f61 f   ucrtd:ucrtbased.dll
 0002:00004f67       _strcpy_s                  00415f67 f   ucrtd:ucrtbased.dll
 0002:00004f6d       _strcat_s                  00415f6d f   ucrtd:ucrtbased.dll
 0002:00004f73       ___stdio_common_vsprintf_s 00415f73 f   ucrtd:ucrtbased.dll
 0002:00004f79       __seh_filter_dll           00415f79 f   ucrtd:ucrtbased.dll
 0002:00004f7f       __initialize_onexit_table  00415f7f f   ucrtd:ucrtbased.dll
 0002:00004f85       __register_onexit_function 00415f85 f   ucrtd:ucrtbased.dll
 0002:00004f8b       __execute_onexit_table     00415f8b f   ucrtd:ucrtbased.dll
 0002:00004f91       __crt_atexit               00415f91 f   ucrtd:ucrtbased.dll
 0002:00004f97       __crt_at_quick_exit        00415f97 f   ucrtd:ucrtbased.dll
 0002:00004f9d       __controlfp_s              00415f9d f   ucrtd:ucrtbased.dll
 0002:00004fa3       _terminate                 00415fa3 f   ucrtd:ucrtbased.dll
 0002:00004fa9       __wmakepath_s              00415fa9 f   ucrtd:ucrtbased.dll
 0002:00004faf       __wsplitpath_s             00415faf f   ucrtd:ucrtbased.dll
 0002:00004fb5       _wcscpy_s                  00415fb5 f   ucrtd:ucrtbased.dll
 0002:00004fbb       _GetCurrentThreadId@0      00415fbb f   kernel32:KERNEL32.dll
 0002:00004fc1       _IsDebuggerPresent@0       00415fc1 f   kernel32:KERNEL32.dll
 0002:00004fc7       _RaiseException@16         00415fc7 f   kernel32:KERNEL32.dll
 0002:00004fcd       _MultiByteToWideChar@24    00415fcd f   kernel32:KERNEL32.dll
 0002:00004fd3       _WideCharToMultiByte@32    00415fd3 f   kernel32:KERNEL32.dll
 0002:00004fd9       _UnhandledExceptionFilter@4 00415fd9 f   kernel32:KERNEL32.dll
 0002:00004fdf       _SetUnhandledExceptionFilter@4 00415fdf f   kernel32:KERNEL32.dll
 0002:00004fe5       _GetCurrentProcess@0       00415fe5 f   kernel32:KERNEL32.dll
 0002:00004feb       _TerminateProcess@8        00415feb f   kernel32:KERNEL32.dll
 0002:00004ff1       _IsProcessorFeaturePresent@4 00415ff1 f   kernel32:KERNEL32.dll
 0002:00004ff7       _QueryPerformanceCounter@4 00415ff7 f   kernel32:KERNEL32.dll
 0002:00004ffd       _GetCurrentProcessId@0     00415ffd f   kernel32:KERNEL32.dll
 0002:00005003       _GetSystemTimeAsFileTime@4 00416003 f   kernel32:KERNEL32.dll
 0002:00005009       _InitializeSListHead@4     00416009 f   kernel32:KERNEL32.dll
 0002:0000500f       _GetStartupInfoW@4         0041600f f   kernel32:KERNEL32.dll
 0002:00005015       _GetModuleHandleW@4        00416015 f   kernel32:KERNEL32.dll
 0002:0000501b       _GetLastError@0            0041601b f   kernel32:KERNEL32.dll
 0002:00005021       _HeapAlloc@12              00416021 f   kernel32:KERNEL32.dll
 0002:00005027       _HeapFree@12               00416027 f   kernel32:KERNEL32.dll
 0002:0000502d       _GetProcessHeap@0          0041602d f   kernel32:KERNEL32.dll
 0002:00005033       _VirtualQuery@12           00416033 f   kernel32:KERNEL32.dll
 0002:00005039       _FreeLibrary@4             00416039 f   kernel32:KERNEL32.dll
 0002:0000503f       _GetProcAddress@8          0041603f f   kernel32:KERNEL32.dll
 0002:00005050       ___scrt_stub_for_acrt_initialize 00416050 f   MSVCRTD:ucrt_stubs.obj
 0002:00005050       ___acrt_initialize         00416050 f   MSVCRTD:ucrt_stubs.obj
 0002:00005050       ___vcrt_initialize         00416050 f   MSVCRTD:ucrt_stubs.obj
 0002:00005060       ___scrt_stub_for_acrt_thread_attach 00416060 f   MSVCRTD:ucrt_stubs.obj
 0002:00005060       ___acrt_thread_attach      00416060 f   MSVCRTD:ucrt_stubs.obj
 0002:00005060       ___vcrt_thread_attach      00416060 f   MSVCRTD:ucrt_stubs.obj
 0002:00005070       ___acrt_thread_detach      00416070 f   MSVCRTD:ucrt_stubs.obj
 0002:00005070       ___scrt_stub_for_acrt_thread_detach 00416070 f   MSVCRTD:ucrt_stubs.obj
 0002:00005070       ___vcrt_thread_detach      00416070 f   MSVCRTD:ucrt_stubs.obj
 0002:00005080       ___scrt_stub_for_acrt_uninitialize 00416080 f   MSVCRTD:ucrt_stubs.obj
 0002:00005080       ___vcrt_uninitialize       00416080 f   MSVCRTD:ucrt_stubs.obj
 0002:00005080       ___acrt_uninitialize       00416080 f   MSVCRTD:ucrt_stubs.obj
 0002:00005090       ___scrt_stub_for_acrt_uninitialize_critical 00416090 f   MSVCRTD:ucrt_stubs.obj
 0002:00005090       ___vcrt_uninitialize_critical 00416090 f   MSVCRTD:ucrt_stubs.obj
 0002:00005090       ___acrt_uninitialize_critical 00416090 f   MSVCRTD:ucrt_stubs.obj
 0002:000050a0       __is_c_termination_complete 004160a0 f   MSVCRTD:ucrt_stubs.obj
 0002:000050a0       ___scrt_stub_for_is_c_termination_complete 004160a0 f   MSVCRTD:ucrt_stubs.obj
 0002:000050b0       __filter_x86_sse2_floating_point_exception 004160b0 f   MSVCRTD:x86_exception_filter.obj
 0002:000050b0       __filter_x86_sse2_floating_point_exception_default 004160b0 f   MSVCRTD:x86_exception_filter.obj
 0003:00000000       ___xc_a                    00419000     MSVCRTD:initializers.obj
 0003:00000208       ___xc_z                    00419208     MSVCRTD:initializers.obj
 0003:0000030c       ___xi_a                    0041930c     MSVCRTD:initializers.obj
 0003:00000618       ___xi_z                    00419618     MSVCRTD:initializers.obj
 0003:0000071c       ___xp_a                    0041971c     MSVCRTD:initializers.obj
 0003:00000820       ___xp_z                    00419820     MSVCRTD:initializers.obj
 0003:00000924       ___xt_a                    00419924     MSVCRTD:initializers.obj
 0003:00000a28       ___xt_z                    00419a28     MSVCRTD:initializers.obj
 0003:00000b30       ??_C@_0BD@FNBOGLI@Enter?5two?5numbers?3@ 00419b30     Source.obj
 0003:00000b48       ??_C@_0L@NOKGMJOM@Addition?3?5@ 00419b48     Source.obj
 0003:00000b58       ??_C@_04HNABGNME@?5is?5@   00419b58     Source.obj
 0003:00000b60       ??_C@_0O@ENNNHKAC@Factorial?5of?5@ 00419b60     Source.obj
 0003:00000b70       ??_C@_01CLKCMJKC@?5@       00419b70     Source.obj
 0003:00000b74       ??_C@_0O@PBOELBLF@before?5swap?3?5@ 00419b74     Source.obj
 0003:00000b84       ??_C@_0N@CCFFJEE@after?5swap?3?5@ 00419b84     Source.obj
 0003:00000c50       ??_C@_0NN@JMPELKLB@The?5value?5of?5ESP?5was?5not?5proper@ 00419c50     MSVCRTD:error.obj
 0003:00000d60       ??_C@_0BBN@ELNNILBE@A?5cast?5to?5a?5smaller?5data?5type?5h@ 00419d60     MSVCRTD:error.obj
 0003:00000eb8       ??_C@_0BN@BPOGFMJL@Stack?5memory?5was?5corrupted?$AN?6@ 00419eb8     MSVCRTD:error.obj
 0003:00000edc       ??_C@_0DG@DAJCDLPN@A?5local?5variable?5was?5used?5befor@ 00419edc     MSVCRTD:error.obj
 0003:00000f1c       ??_C@_0CM@JMIDGKLA@Stack?5memory?5around?5_alloca?5was@ 00419f1c     MSVCRTD:error.obj
 0003:00000f50       ??_C@_0BO@CHIONIOI@Unknown?5Runtime?5Check?5Error?$AN?6@ 00419f50     MSVCRTD:error.obj
 0003:00000f78       ??_C@_1GM@CNOOJIHC@?$AAR?$AAu?$AAn?$AAt?$AAi?$AAm?$AAe?$AA?5?$AAC?$AAh?$AAe?$AAc?$AAk?$AA?5?$AAE@ 00419f78     MSVCRTD:error.obj
 0003:00001000       ??_C@_1EA@NFKNIFJP@?$AAR?$AAu?$AAn?$AA?9?$AAT?$AAi?$AAm?$AAe?$AA?5?$AAC?$AAh?$AAe?$AAc?$AAk?$AA?5@ 0041a000     MSVCRTD:error.obj
 0003:0000104c       ??_C@_0BB@PFFGGCJP@Unknown?5Filename@ 0041a04c     MSVCRTD:error.obj
 0003:00001060       ??_C@_0BE@GNBOBNCK@Unknown?5Module?5Name@ 0041a060     MSVCRTD:error.obj
 0003:00001078       ??_C@_0CA@IODNCDPG@Run?9Time?5Check?5Failure?5?$CD?$CFd?5?9?5?$CFs@ 0041a078     MSVCRTD:error.obj
 0003:000010a0       ??_C@_0CG@IAFNJNEE@Stack?5corrupted?5near?5unknown?5va@ 0041a0a0     MSVCRTD:error.obj
 0003:000010d0       ??_C@_05MKKEDADM@?$CF?42X?5@ 0041a0d0     MSVCRTD:error.obj
 0003:000010d8       ??_C@_0EJ@LJKNEOLN@Stack?5area?5around?5_alloca?5memor@ 0041a0d8     MSVCRTD:error.obj
 0003:00001130       ??_C@_01EEMJAFIK@?6@       0041a130     MSVCRTD:error.obj
 0003:00001134       ??_C@_02LLMPMKNF@?$DO?5@   0041a134     MSVCRTD:error.obj
 0003:00001138       ??_C@_08OMAHNMHJ@?6Data?3?5?$DM@ 0041a138     MSVCRTD:error.obj
 0003:00001144       ??_C@_0CK@DKGBICFE@?6Allocation?5number?5within?5this?5@ 0041a144     MSVCRTD:error.obj
 0003:00001178       ??_C@_07DFDJCKFN@?6Size?3?5@ 0041a178     MSVCRTD:error.obj
 0003:00001184       ??_C@_0N@MHFFIMFG@?6Address?3?50x@ 0041a184     MSVCRTD:error.obj
 0003:00001198       ??_C@_0EI@CLEPFNGI@Stack?5area?5around?5_alloca?5memor@ 0041a198     MSVCRTD:error.obj
 0003:000011f0       ??_C@_0BK@ODNDAGKB@?$CFs?$CFs?$CFp?$CFs?$CFzd?$CFs?$CFd?$CFs?$CFs?$CFs?$CFs?$CFs@ 0041a1f0     MSVCRTD:error.obj
 0003:00001210       ??_C@_0DE@OHJBPMBP@A?5variable?5is?5being?5used?5withou@ 0041a210     MSVCRTD:error.obj
 0003:00001274       ??_C@_0BJ@HEGAHDFO@Stack?5pointer?5corruption@ 0041a274     MSVCRTD:userapi.obj
 0003:00001294       ??_C@_0CK@FEGOIOPB@Cast?5to?5smaller?5type?5causing?5lo@ 0041a294     MSVCRTD:userapi.obj
 0003:000012c8       ??_C@_0BI@CIGMDCBH@Stack?5memory?5corruption@ 0041a2c8     MSVCRTD:userapi.obj
 0003:000012e4       ??_C@_0CK@CNLNOEPB@Local?5variable?5used?5before?5init@ 0041a2e4     MSVCRTD:userapi.obj
 0003:00001318       ??_C@_0BP@OGBCLIBO@Stack?5around?5_alloca?5corrupted@ 0041a318     MSVCRTD:userapi.obj
 0003:00001398       ??_C@_1EI@MLPKHBGE@?$AAa?$AAp?$AAi?$AA?9?$AAm?$AAs?$AA?9?$AAw?$AAi?$AAn?$AA?9?$AAc?$AAo?$AAr?$AAe@ 0041a398     MSVCRTD:pdblkup.obj
 0003:000013f0       ??_C@_1BK@JHLNAEJL@?$AAa?$AAd?$AAv?$AAa?$AAp?$AAi?$AA3?$AA2?$AA?4?$AAd?$AAl?$AAl@ 0041a3f0     MSVCRTD:pdblkup.obj
 0003:00001410       ??_C@_0O@COHOBMLB@RegOpenKeyExW@ 0041a410     MSVCRTD:pdblkup.obj
 0003:00001420       ??_C@_0BB@GLNAEDBD@RegQueryValueExW@ 0041a420     MSVCRTD:pdblkup.obj
 0003:00001434       ??_C@_0M@HLOHPNFA@RegCloseKey@ 0041a434     MSVCRTD:pdblkup.obj
 0003:00001448       ??_C@_1HE@EBEAGLFB@?$AAS?$AAO?$AAF?$AAT?$AAW?$AAA?$AAR?$AAE?$AA?2?$AAW?$AAo?$AAw?$AA6?$AA4?$AA3@ 0041a448     MSVCRTD:pdblkup.obj
 0003:000014d4       ??_C@_1BG@EABPBLLF@?$AAP?$AAr?$AAo?$AAd?$AAu?$AAc?$AAt?$AAD?$AAi?$AAr@ 0041a4d4     MSVCRTD:pdblkup.obj
 0003:00001514       ??_C@_1BC@JINFINNJ@?$AAM?$AAS?$AAP?$AAD?$AAB?$AA1?$AA4?$AA0@ 0041a514     MSVCRTD:pdblkup.obj
 0003:0000152c       ??_C@_0BB@KCIACLNC@PDBOpenValidate5@ 0041a52c     MSVCRTD:pdblkup.obj
 0003:00001540       ??_C@_01KDCPPGHE@r@        0041a540     MSVCRTD:pdblkup.obj
 0003:00001580       __load_config_used         0041a580     MSVCRTD:loadcfg.obj
 0003:00001930       ___rtc_iaa                 0041a930     MSVCRTD:initsect.obj
 0003:00001b38       ___rtc_izz                 0041ab38     MSVCRTD:initsect.obj
 0003:00001c3c       ___rtc_taa                 0041ac3c     MSVCRTD:initsect.obj
 0003:00001e44       ___rtc_tzz                 0041ae44     MSVCRTD:initsect.obj
 0004:00000000       ___security_cookie_complement 0041c000     MSVCRTD:gs_cookie.obj
 0004:00000004       ___security_cookie         0041c004     MSVCRTD:gs_cookie.obj
 0004:0000000c       ?_RTC_ErrorLevels@@3PAHA   0041c00c     MSVCRTD:error.obj
 0004:00000024       ___scrt_native_dllmain_reason 0041c024     MSVCRTD:utility.obj
 0004:00000028       ___scrt_default_matherr    0041c028     MSVCRTD:matherr.obj
 0004:0000002c       ___isa_enabled             0041c02c     MSVCRTD:cpu_disp.obj
 0004:00000030       ___scrt_ucrt_dll_is_in_use 0041c030     MSVCRTD:ucrt_stubs.obj
 0004:00000140       ?_OptionsStorage@?1??__local_stdio_printf_options@@9@4_KA 0041c140     MSVCRTD:error.obj
 0004:00000518       ___scrt_current_native_startup_state 0041c518     MSVCRTD:utility.obj
 0004:0000051c       ___scrt_native_startup_lock 0041c51c     MSVCRTD:utility.obj
 0004:00000548       ?__type_info_root_node@@3U__type_info_node@@A 0041c548     MSVCRTD:tncleanup.obj
 0004:00000558       ?_OptionsStorage@?1??__local_stdio_scanf_options@@9@4_KA 0041c558     MSVCRTD:default_local_stdio_options.obj
 0004:00000564       ___scrt_debugger_hook_flag 0041c564     MSVCRTD:utility_desktop.obj
 0004:00000570       ___isa_available           0041c570     MSVCRTD:cpu_disp.obj
 0004:00000574       ___favor                   0041c574     MSVCRTD:cpu_disp.obj
 0004:0000057c       ___dyn_tls_dtor_callback   0041c57c     <common>
 0004:00000588       ___dyn_tls_init_callback   0041c588     <common>
 0004:00000594       ___DebuggerCurrentSteppingThreadId 0041c594     <common>
 0005:00000000       __imp__FreeLibrary@4       0041d000     kernel32:KERNEL32.dll
 0005:00000004       __imp__IsDebuggerPresent@0 0041d004     kernel32:KERNEL32.dll
 0005:00000008       __imp__RaiseException@16   0041d008     kernel32:KERNEL32.dll
 0005:0000000c       __imp__MultiByteToWideChar@24 0041d00c     kernel32:KERNEL32.dll
 0005:00000010       __imp__WideCharToMultiByte@32 0041d010     kernel32:KERNEL32.dll
 0005:00000014       __imp__UnhandledExceptionFilter@4 0041d014     kernel32:KERNEL32.dll
 0005:00000018       __imp__SetUnhandledExceptionFilter@4 0041d018     kernel32:KERNEL32.dll
 0005:0000001c       __imp__GetCurrentProcess@0 0041d01c     kernel32:KERNEL32.dll
 0005:00000020       __imp__TerminateProcess@8  0041d020     kernel32:KERNEL32.dll
 0005:00000024       __imp__IsProcessorFeaturePresent@4 0041d024     kernel32:KERNEL32.dll
 0005:00000028       __imp__QueryPerformanceCounter@4 0041d028     kernel32:KERNEL32.dll
 0005:0000002c       __imp__GetCurrentProcessId@0 0041d02c     kernel32:KERNEL32.dll
 0005:00000030       __imp__GetSystemTimeAsFileTime@4 0041d030     kernel32:KERNEL32.dll
 0005:00000034       __imp__InitializeSListHead@4 0041d034     kernel32:KERNEL32.dll
 0005:00000038       __imp__GetStartupInfoW@4   0041d038     kernel32:KERNEL32.dll
 0005:0000003c       __imp__GetModuleHandleW@4  0041d03c     kernel32:KERNEL32.dll
 0005:00000040       __imp__GetLastError@0      0041d040     kernel32:KERNEL32.dll
 0005:00000044       __imp__HeapAlloc@12        0041d044     kernel32:KERNEL32.dll
 0005:00000048       __imp__HeapFree@12         0041d048     kernel32:KERNEL32.dll
 0005:0000004c       __imp__GetProcessHeap@0    0041d04c     kernel32:KERNEL32.dll
 0005:00000050       __imp__GetProcAddress@8    0041d050     kernel32:KERNEL32.dll
 0005:00000054       __imp__GetCurrentThreadId@0 0041d054     kernel32:KERNEL32.dll
 0005:00000058       __imp__VirtualQuery@12     0041d058     kernel32:KERNEL32.dll
 0005:0000005c       \177KERNEL32_NULL_THUNK_DATA 0041d05c     kernel32:KERNEL32.dll
 0005:00000098       __imp_?cin@std@@3V?$basic_istream@DU?$char_traits@D@std@@@1@A 0041d098     msvcprtd:MSVCP140D.dll
 0005:0000009c       __imp_??5?$basic_istream@DU?$char_traits@D@std@@@std@@QAEAAV01@AAH@Z 0041d09c     msvcprtd:MSVCP140D.dll
 0005:000000a0       __imp_?flush@?$basic_ostream@DU?$char_traits@D@std@@@std@@QAEAAV12@XZ 0041d0a0     msvcprtd:MSVCP140D.dll
 0005:000000a4       __imp_?put@?$basic_ostream@DU?$char_traits@D@std@@@std@@QAEAAV12@D@Z 0041d0a4     msvcprtd:MSVCP140D.dll
 0005:000000a8       __imp_??6?$basic_ostream@DU?$char_traits@D@std@@@std@@QAEAAV01@H@Z 0041d0a8     msvcprtd:MSVCP140D.dll
 0005:000000ac       __imp_??6?$basic_ostream@DU?$char_traits@D@std@@@std@@QAEAAV01@P6AAAV01@AAV01@@Z@Z 0041d0ac     msvcprtd:MSVCP140D.dll
 0005:000000b0       __imp_?_Osfx@?$basic_ostream@DU?$char_traits@D@std@@@std@@QAEXXZ 0041d0b0     msvcprtd:MSVCP140D.dll
 0005:000000b4       __imp_?widen@?$basic_ios@DU?$char_traits@D@std@@@std@@QBEDD@Z 0041d0b4     msvcprtd:MSVCP140D.dll
 0005:000000b8       __imp_?fill@?$basic_ios@DU?$char_traits@D@std@@@std@@QBEDXZ 0041d0b8     msvcprtd:MSVCP140D.dll
 0005:000000bc       __imp_?rdbuf@?$basic_ios@DU?$char_traits@D@std@@@std@@QBEPAV?$basic_streambuf@DU?$char_traits@D@std@@@2@XZ 0041d0bc     msvcprtd:MSVCP140D.dll
 0005:000000c0       __imp_?tie@?$basic_ios@DU?$char_traits@D@std@@@std@@QBEPAV?$basic_ostream@DU?$char_traits@D@std@@@2@XZ 0041d0c0     msvcprtd:MSVCP140D.dll
 0005:000000c4       __imp_?setstate@?$basic_ios@DU?$char_traits@D@std@@@std@@QAEXH_N@Z 0041d0c4     msvcprtd:MSVCP140D.dll
 0005:000000c8       __imp_?sputn@?$basic_streambuf@DU?$char_traits@D@std@@@std@@QAE_JPBD_J@Z 0041d0c8     msvcprtd:MSVCP140D.dll
 0005:000000cc       __imp_?sputc@?$basic_streambuf@DU?$char_traits@D@std@@@std@@QAEHD@Z 0041d0cc     msvcprtd:MSVCP140D.dll
 0005:000000d0       __imp_?width@ios_base@std@@QAE_J_J@Z 0041d0d0     msvcprtd:MSVCP140D.dll
 0005:000000d4       __imp_?width@ios_base@std@@QBE_JXZ 0041d0d4     msvcprtd:MSVCP140D.dll
 0005:000000d8       __imp_?flags@ios_base@std@@QBEHXZ 0041d0d8     msvcprtd:MSVCP140D.dll
 0005:000000dc       __imp_?good@ios_base@std@@QBE_NXZ 0041d0dc     msvcprtd:MSVCP140D.dll
 0005:000000e0       __imp_?cout@std@@3V?$basic_ostream@DU?$char_traits@D@std@@@1@A 0041d0e0     msvcprtd:MSVCP140D.dll
 0005:000000e4       __imp_?uncaught_exception@std@@YA_NXZ 0041d0e4     msvcprtd:MSVCP140D.dll
 0005:000000e8       \177MSVCP140D_NULL_THUNK_DATA 0041d0e8     msvcprtd:MSVCP140D.dll
 0005:00000124       __imp____std_type_info_destroy_list 0041d124     vcruntimed:VCRUNTIME140D.dll
 0005:00000128       __imp____current_exception 0041d128     vcruntimed:VCRUNTIME140D.dll
 0005:0000012c       __imp____current_exception_context 0041d12c     vcruntimed:VCRUNTIME140D.dll
 0005:00000130       __imp__memset              0041d130     vcruntimed:VCRUNTIME140D.dll
 0005:00000134       __imp___except_handler4_common 0041d134     vcruntimed:VCRUNTIME140D.dll
 0005:00000138       __imp____vcrt_GetModuleFileNameW 0041d138     vcruntimed:VCRUNTIME140D.dll
 0005:0000013c       __imp____vcrt_GetModuleHandleW 0041d13c     vcruntimed:VCRUNTIME140D.dll
 0005:00000140       __imp____vcrt_LoadLibraryExW 0041d140     vcruntimed:VCRUNTIME140D.dll
 0005:00000144       __imp____CxxFrameHandler3  0041d144     vcruntimed:VCRUNTIME140D.dll
 0005:00000148       \177VCRUNTIME140D_NULL_THUNK_DATA 0041d148     vcruntimed:VCRUNTIME140D.dll
 0005:00000178       __imp____stdio_common_vsprintf_s 0041d178     ucrtd:ucrtbased.dll
 0005:0000017c       __imp___seh_filter_dll     0041d17c     ucrtd:ucrtbased.dll
 0005:00000180       __imp___initialize_onexit_table 0041d180     ucrtd:ucrtbased.dll
 0005:00000184       __imp___register_onexit_function 0041d184     ucrtd:ucrtbased.dll
 0005:00000188       __imp___execute_onexit_table 0041d188     ucrtd:ucrtbased.dll
 0005:0000018c       __imp___crt_atexit         0041d18c     ucrtd:ucrtbased.dll
 0005:00000190       __imp___crt_at_quick_exit  0041d190     ucrtd:ucrtbased.dll
 0005:00000194       __imp___controlfp_s        0041d194     ucrtd:ucrtbased.dll
 0005:00000198       __imp__terminate           0041d198     ucrtd:ucrtbased.dll
 0005:0000019c       __imp___wmakepath_s        0041d19c     ucrtd:ucrtbased.dll
 0005:000001a0       __imp___wsplitpath_s       0041d1a0     ucrtd:ucrtbased.dll
 0005:000001a4       __imp__wcscpy_s            0041d1a4     ucrtd:ucrtbased.dll
 0005:000001a8       __imp__strcpy_s            0041d1a8     ucrtd:ucrtbased.dll
 0005:000001ac       __imp__exit                0041d1ac     ucrtd:ucrtbased.dll
 0005:000001b0       __imp___initterm_e         0041d1b0     ucrtd:ucrtbased.dll
 0005:000001b4       __imp___initterm           0041d1b4     ucrtd:ucrtbased.dll
 0005:000001b8       __imp___get_initial_narrow_environment 0041d1b8     ucrtd:ucrtbased.dll
 0005:000001bc       __imp___initialize_narrow_environment 0041d1bc     ucrtd:ucrtbased.dll
 0005:000001c0       __imp___configure_narrow_argv 0041d1c0     ucrtd:ucrtbased.dll
 0005:000001c4       __imp____setusermatherr    0041d1c4     ucrtd:ucrtbased.dll
 0005:000001c8       __imp___set_app_type       0041d1c8     ucrtd:ucrtbased.dll
 0005:000001cc       __imp___seh_filter_exe     0041d1cc     ucrtd:ucrtbased.dll
 0005:000001d0       __imp___CrtDbgReportW      0041d1d0     ucrtd:ucrtbased.dll
 0005:000001d4       __imp___CrtDbgReport       0041d1d4     ucrtd:ucrtbased.dll
 0005:000001d8       __imp__strlen              0041d1d8     ucrtd:ucrtbased.dll
 0005:000001dc       __imp__strcat_s            0041d1dc     ucrtd:ucrtbased.dll
 0005:000001e0       __imp____p__commode        0041d1e0     ucrtd:ucrtbased.dll
 0005:000001e4       __imp___set_new_mode       0041d1e4     ucrtd:ucrtbased.dll
 0005:000001e8       __imp___configthreadlocale 0041d1e8     ucrtd:ucrtbased.dll
 0005:000001ec       __imp___register_thread_local_exe_atexit_callback 0041d1ec     ucrtd:ucrtbased.dll
 0005:000001f0       __imp___c_exit             0041d1f0     ucrtd:ucrtbased.dll
 0005:000001f4       __imp___cexit              0041d1f4     ucrtd:ucrtbased.dll
 0005:000001f8       __imp___exit               0041d1f8     ucrtd:ucrtbased.dll
 0005:000001fc       __imp____p___argc          0041d1fc     ucrtd:ucrtbased.dll
 0005:00000200       __imp___set_fmode          0041d200     ucrtd:ucrtbased.dll
 0005:00000204       __imp____p___argv          0041d204     ucrtd:ucrtbased.dll
 0005:00000208       \177ucrtbased_NULL_THUNK_DATA 0041d208     ucrtd:ucrtbased.dll
 0005:00000250       __IMPORT_DESCRIPTOR_MSVCP140D 0041d250     msvcprtd:MSVCP140D.dll
 0005:00000264       __IMPORT_DESCRIPTOR_VCRUNTIME140D 0041d264     vcruntimed:VCRUNTIME140D.dll
 0005:00000278       __IMPORT_DESCRIPTOR_ucrtbased 0041d278     ucrtd:ucrtbased.dll
 0005:0000028c       __IMPORT_DESCRIPTOR_KERNEL32 0041d28c     kernel32:KERNEL32.dll
 0005:000002a0       __NULL_IMPORT_DESCRIPTOR   0041d2a0     msvcprtd:MSVCP140D.dll
 0007:00000000       ___guard_check_icall_fptr  00420000     MSVCRTD:guard_support.obj
 0007:00000004       ___guard_xfg_check_icall_fptr 00420004     MSVCRTD:guard_support.obj

 entry point at        0002:000003cf

 Static symbols

 0000:fffe1000       __guard_fids___except_handler4 00400000     MSVCRTD:chandler4gs.obj
 0000:fffe1000       __guard_fids_?pre_c_initialization@@YAHXZ 00400000     MSVCRTD:exe_main.obj
 0000:fffe1000       __guard_fids__             00400000     MSVCRTD:exe_main.obj
 0000:fffe1000       __guard_fids__             00400000     MSVCRTD:guard_support.obj
 0000:fffe1000       __guard_fids__             00400000     MSVCRTD:guard_support.obj
 0000:fffe1000       __guard_fids___guard_icall_checks_enforced 00400000     MSVCRTD:guard_support.obj
 0000:fffe1000       __guard_fids___CRT_RTC_INIT 00400000     MSVCRTD:init.obj
 0000:fffe1000       __guard_fids___CRT_RTC_INITW 00400000     MSVCRTD:init.obj
 0000:fffe1000       __guard_fids____scrt_set_unhandled_exception_filter 00400000     MSVCRTD:utility_desktop.obj
 0000:fffdd000       .debug$S                   00400000     msvcprtd:MSVCP140D.dll
 0000:fffdd000       .debug$S                   00400000     msvcprtd:MSVCP140D.dll
 0000:fffdd000       .debug$S                   00400000     msvcprtd:MSVCP140D.dll
 0000:fffdd000       .debug$S                   00400000     msvcprtd:MSVCP140D.dll
 0000:fffdd000       .debug$S                   00400000     msvcprtd:MSVCP140D.dll
 0000:fffdd000       .debug$S                   00400000     msvcprtd:MSVCP140D.dll
 0000:fffdd000       .debug$S                   00400000     msvcprtd:MSVCP140D.dll
 0000:fffdd000       .debug$S                   00400000     msvcprtd:MSVCP140D.dll
 0000:fffdd000       .debug$S                   00400000     msvcprtd:MSVCP140D.dll
 0000:fffdd000       .debug$S                   00400000     msvcprtd:MSVCP140D.dll
 0000:fffdd000       .debug$S                   00400000     msvcprtd:MSVCP140D.dll
 0000:fffdd000       .debug$S                   00400000     msvcprtd:MSVCP140D.dll
 0000:fffdd000       .debug$S                   00400000     msvcprtd:MSVCP140D.dll
 0000:fffdd000       .debug$S                   00400000     msvcprtd:MSVCP140D.dll
 0000:fffdd000       .debug$S                   00400000     msvcprtd:MSVCP140D.dll
 0000:fffdd000       .debug$S                   00400000     msvcprtd:MSVCP140D.dll
 0000:fffdd000       .debug$S                   00400000     msvcprtd:MSVCP140D.dll
 0000:fffdd000       .debug$S                   00400000     msvcprtd:MSVCP140D.dll
 0000:fffdd000       .debug$S                   00400000     msvcprtd:MSVCP140D.dll
 0000:fffdd000       .debug$S                   00400000     msvcprtd:MSVCP140D.dll
 0000:fffdd000       .debug$S                   00400000     vcruntimed:VCRUNTIME140D.dll
 0000:fffdd000       .debug$S                   00400000     vcruntimed:VCRUNTIME140D.dll
 0000:fffdd000       .debug$S                   00400000     vcruntimed:VCRUNTIME140D.dll
 0000:fffdd000       .debug$S                   00400000     vcruntimed:VCRUNTIME140D.dll
 0000:fffdd000       .debug$S                   00400000     vcruntimed:VCRUNTIME140D.dll
 0000:fffdd000       .debug$S                   00400000     vcruntimed:VCRUNTIME140D.dll
 0000:fffdd000       .debug$S                   00400000     vcruntimed:VCRUNTIME140D.dll
 0000:fffdd000       .debug$S                   00400000     vcruntimed:VCRUNTIME140D.dll
 0000:fffdd000       .debug$S                   00400000     vcruntimed:VCRUNTIME140D.dll
 0000:fffdd000       .debug$S                   00400000     ucrtd:ucrtbased.dll
 0000:fffdd000       .debug$S                   00400000     ucrtd:ucrtbased.dll
 0000:fffdd000       .debug$S                   00400000     ucrtd:ucrtbased.dll
 0000:fffdd000       .debug$S                   00400000     ucrtd:ucrtbased.dll
 0000:fffdd000       .debug$S                   00400000     ucrtd:ucrtbased.dll
 0000:fffdd000       .debug$S                   00400000     ucrtd:ucrtbased.dll
 0000:fffdd000       .debug$S                   00400000     ucrtd:ucrtbased.dll
 0000:fffdd000       .debug$S                   00400000     ucrtd:ucrtbased.dll
 0000:fffdd000       .debug$S                   00400000     ucrtd:ucrtbased.dll
 0000:fffdd000       .debug$S                   00400000     ucrtd:ucrtbased.dll
 0000:fffdd000       .debug$S                   00400000     ucrtd:ucrtbased.dll
 0000:fffdd000       .debug$S                   00400000     ucrtd:ucrtbased.dll
 0000:fffdd000       .debug$S                   00400000     ucrtd:ucrtbased.dll
 0000:fffdd000       .debug$S                   00400000     ucrtd:ucrtbased.dll
 0000:fffdd000       .debug$S                   00400000     ucrtd:ucrtbased.dll
 0000:fffdd000       .debug$S                   00400000     ucrtd:ucrtbased.dll
 0000:fffdd000       .debug$S                   00400000     ucrtd:ucrtbased.dll
 0000:fffdd000       .debug$S                   00400000     ucrtd:ucrtbased.dll
 0000:fffdd000       .debug$S                   00400000     ucrtd:ucrtbased.dll
 0000:fffdd000       .debug$S                   00400000     ucrtd:ucrtbased.dll
 0000:fffdd000       .debug$S                   00400000     ucrtd:ucrtbased.dll
 0000:fffdd000       .debug$S                   00400000     ucrtd:ucrtbased.dll
 0000:fffdd000       .debug$S                   00400000     ucrtd:ucrtbased.dll
 0000:fffdd000       .debug$S                   00400000     ucrtd:ucrtbased.dll
 0000:fffdd000       .debug$S                   00400000     ucrtd:ucrtbased.dll
 0000:fffdd000       .debug$S                   00400000     ucrtd:ucrtbased.dll
 0000:fffdd000       .debug$S                   00400000     ucrtd:ucrtbased.dll
 0000:fffdd000       .debug$S                   00400000     ucrtd:ucrtbased.dll
 0000:fffdd000       .debug$S                   00400000     ucrtd:ucrtbased.dll
 0000:fffdd000       .debug$S                   00400000     ucrtd:ucrtbased.dll
 0000:fffdd000       .debug$S                   00400000     ucrtd:ucrtbased.dll
 0000:fffdd000       .debug$S                   00400000     ucrtd:ucrtbased.dll
 0000:fffdd000       .debug$S                   00400000     ucrtd:ucrtbased.dll
 0000:fffdd000       .debug$S                   00400000     ucrtd:ucrtbased.dll
 0000:fffdd000       .debug$S                   00400000     ucrtd:ucrtbased.dll
 0000:fffdd000       .debug$S                   00400000     ucrtd:ucrtbased.dll
 0000:fffdd000       .debug$S                   00400000     kernel32:KERNEL32.dll
 0000:fffdd000       .debug$S                   00400000     kernel32:KERNEL32.dll
 0000:fffdd000       .debug$S                   00400000     kernel32:KERNEL32.dll
 0000:fffdd000       .debug$S                   00400000     kernel32:KERNEL32.dll
 0000:fffdd000       .debug$S                   00400000     kernel32:KERNEL32.dll
 0000:fffdd000       .debug$S                   00400000     kernel32:KERNEL32.dll
 0000:fffdd000       .debug$S                   00400000     kernel32:KERNEL32.dll
 0000:fffdd000       .debug$S                   00400000     kernel32:KERNEL32.dll
 0000:fffdd000       .debug$S                   00400000     kernel32:KERNEL32.dll
 0000:fffdd000       .debug$S                   00400000     kernel32:KERNEL32.dll
 0000:fffdd000       .debug$S                   00400000     kernel32:KERNEL32.dll
 0000:fffdd000       .debug$S                   00400000     kernel32:KERNEL32.dll
 0000:fffdd000       .debug$S                   00400000     kernel32:KERNEL32.dll
 0000:fffdd000       .debug$S                   00400000     kernel32:KERNEL32.dll
 0000:fffdd000       .debug$S                   00400000     kernel32:KERNEL32.dll
 0000:fffdd000       .debug$S                   00400000     kernel32:KERNEL32.dll
 0000:fffdd000       .debug$S                   00400000     kernel32:KERNEL32.dll
 0000:fffdd000       .debug$S                   00400000     kernel32:KERNEL32.dll
 0000:fffdd000       .debug$S                   00400000     kernel32:KERNEL32.dll
 0000:fffdd000       .debug$S                   00400000     kernel32:KERNEL32.dll
 0000:fffdd000       .debug$S                   00400000     kernel32:KERNEL32.dll
 0000:fffdd000       .debug$S                   00400000     kernel32:KERNEL32.dll
 0000:fffdd000       .debug$S                   00400000     kernel32:KERNEL32.dll
 0000:fffe1004       __guard_fids__             00400004     MSVCRTD:exe_main.obj
 0000:fffe1008       __guard_fids__             00400008     MSVCRTD:exe_main.obj
 0002:00000c34       __catch$??$?6U?$char_traits@D@std@@@std@@YAAAV?$basic_ostream@DU?$char_traits@D@std@@@0@AAV10@PBD@Z$0 00411c34 f i Source.obj
 0002:00000ce4       $LN32                      00411ce4     Source.obj
 0002:00000cec       $LN31                      00411cec     Source.obj
 0002:00000cf8       $LN29                      00411cf8     Source.obj
 0002:00001a18       $LN7                       00412a18     Source.obj
 0002:00001a20       $LN6                       00412a20     Source.obj
 0002:00001a44       $LN5                       00412a44     Source.obj
 0002:00001a4b       $LN4                       00412a4b     Source.obj
 0002:00001a4d       $LN3                       00412a4d     Source.obj
 0002:00001e60       ?pre_c_initialization@@YAHXZ 00412e60 f   MSVCRTD:exe_main.obj
 0002:00001f40       ?post_pgo_initialization@@YAHXZ 00412f40 f   MSVCRTD:exe_main.obj
 0002:00001f50       ?pre_cpp_initialization@@YAXXZ 00412f50 f   MSVCRTD:exe_main.obj
 0002:00001f70       ?__scrt_common_main@@YAHXZ 00412f70 f   MSVCRTD:exe_main.obj
 0002:00001f90       ?__scrt_common_main_seh@@YAHXZ 00412f90 f   MSVCRTD:exe_main.obj
 0002:00002260       ?invoke_main@@YAHXZ        00413260 f   MSVCRTD:exe_main.obj
 0002:00002320       ?DebuggerProbe@@YA_NK@Z    00413320 f   MSVCRTD:error.obj
 0002:00002370       ?DebuggerRuntime@@YA_NKHPAXPB_W@Z 00413370 f   MSVCRTD:error.obj
 0002:00002640       ?_getMemBlockDataString@@YAXPAD0PBDI@Z 00413640 f   MSVCRTD:error.obj
 0002:000026d0       ?_strlen_priv@@YAIPBD@Z    004136d0 f   MSVCRTD:error.obj
 0002:000026f0       ?failwithmessage@@YAXPAXHHPBD@Z 004136f0 f   MSVCRTD:error.obj
 0002:00002970       ?notify_debugger@@YAXABUtagEXCEPTION_VISUALCPP_DEBUG_INFO@@@Z 00413970 f   MSVCRTD:error.obj
 0002:00003070       ?find_pe_section@@YAPAU_IMAGE_SECTION_HEADER@@QAEI@Z 00414070 f   MSVCRTD:utility.obj
 0002:00003120       ?is_potentially_valid_image_base@@YA_NQAX@Z 00414120 f   MSVCRTD:utility.obj
 0002:00003830       ___get_entropy             00414830 f   MSVCRTD:gs_support.obj
 0002:00004010       ?GetPdbDll@@YAPAUHINSTANCE__@@XZ 00415010 f   MSVCRTD:pdblkup.obj
 0002:000041a0       ?GetPdbDllFromInstallPath@@YAPAUHINSTANCE__@@XZ 004151a0 f   MSVCRTD:pdblkup.obj
 0002:00004490       ?GetPdbDllPathFromFilePath@@YAHPB_WPA_WI@Z 00415490 f   MSVCRTD:pdblkup.obj
 0002:00006620       __unwindfunclet$??$?6U?$char_traits@D@std@@@std@@YAAAV?$basic_ostream@DU?$char_traits@D@std@@@0@AAV10@PBD@Z$2 00417620 f   Source.obj
 0002:0000662d       __ehhandler$??$?6U?$char_traits@D@std@@@std@@YAAAV?$basic_ostream@DU?$char_traits@D@std@@@0@AAV10@PBD@Z 0041762d f   Source.obj
 0002:00006670       __unwindfunclet$??0sentry@?$basic_ostream@DU?$char_traits@D@std@@@std@@QAE@AAV12@@Z$0 00417670 f   Source.obj
 0002:0000667d       __ehhandler$??0sentry@?$basic_ostream@DU?$char_traits@D@std@@@std@@QAE@AAV12@@Z 0041767d f   Source.obj
 0002:000066b0       __ehhandler$??1_Sentry_base@?$basic_ostream@DU?$char_traits@D@std@@@std@@QAE@XZ 004176b0 f   Source.obj
 0002:000066e0       __ehhandler$??1sentry@?$basic_ostream@DU?$char_traits@D@std@@@std@@QAE@XZ 004176e0 f   Source.obj
 0002:00006710       __ehhandler$?eof@?$_Narrow_char_traits@DH@std@@SAHXZ 00417710 f   Source.obj
 0002:00006740       __ehhandler$?eq_int_type@?$_Narrow_char_traits@DH@std@@SA_NABH0@Z 00417740 f   Source.obj
 0002:00006770       __ehhandler$?length@?$_Narrow_char_traits@DH@std@@SAIQBD@Z 00417770 f   Source.obj
 0003:00000104       ?pre_cpp_initializer@@3P6AXXZA 00419104     MSVCRTD:exe_main.obj
 0003:00000410       ?pre_c_initializer@@3P6AHXZA 00419410     MSVCRTD:exe_main.obj
 0003:00000514       ?post_pgo_initializer@@3P6AHXZA 00419514     MSVCRTD:exe_main.obj
 0003:00000b94       ?_RTC_ErrorMessages@@3QBQBDB 00419b94     MSVCRTD:error.obj
 0003:00000bac       ?_RTC_NoFalsePositives@@3QBHB 00419bac     MSVCRTD:error.obj
 0003:00000bc4       ?stack_premsg@@3QBDB       00419bc4     MSVCRTD:error.obj
 0003:00000be0       ?stack_postmsg@@3QBDB      00419be0     MSVCRTD:error.obj
 0003:00000bf4       ?uninit_premsg@@3QBDB      00419bf4     MSVCRTD:error.obj
 0003:00000c04       ?uninit_postmsg@@3QBDB     00419c04     MSVCRTD:error.obj
 0003:00001250       _GS_ExceptionPointers      0041a250     MSVCRTD:gs_report.obj
 0003:0000125c       ?_RTC_errlist@@3QBQBDB     0041a25c     MSVCRTD:userapi.obj
 0003:00001340       ?mspdbName@@3QB_WB         0041a340     MSVCRTD:pdblkup.obj
 0003:00001364       ?debugCrtFileName@@3QB_WB  0041a364     MSVCRTD:pdblkup.obj
 0003:000014f0       ?dllExt@?1??GetPdbDllPathFromFilePath@@YAHPB_WPA_WI@Z@4QB_WB 0041a4f0     MSVCRTD:pdblkup.obj
 0003:000014fc       ?mspdbFilename@?1??GetPdbDllPathFromFilePath@@YAHPB_WPA_WI@Z@4QB_WB 0041a4fc     MSVCRTD:pdblkup.obj
 0003:00001a34       __RTC_InitBase.rtc$IMZ     0041aa34     Source.obj
 0003:00001d40       __RTC_Shutdown.rtc$TMZ     0041ad40     Source.obj
 0003:00001f48       __ehfuncinfo$?length@?$_Narrow_char_traits@DH@std@@SAIQBD@Z 0041af48     Source.obj
 0003:00001f70       __ehfuncinfo$?eq_int_type@?$_Narrow_char_traits@DH@std@@SA_NABH0@Z 0041af70     Source.obj
 0003:00001f98       __ehfuncinfo$?eof@?$_Narrow_char_traits@DH@std@@SAHXZ 0041af98     Source.obj
 0003:00001fc0       __catchsym$??$?6U?$char_traits@D@std@@@std@@YAAAV?$basic_ostream@DU?$char_traits@D@std@@@0@AAV10@PBD@Z$3 0041afc0     Source.obj
 0003:00001fd0       __tryblocktable$??$?6U?$char_traits@D@std@@@std@@YAAAV?$basic_ostream@DU?$char_traits@D@std@@@0@AAV10@PBD@Z 0041afd0     Source.obj
 0003:00001fe4       __unwindtable$??$?6U?$char_traits@D@std@@@std@@YAAAV?$basic_ostream@DU?$char_traits@D@std@@@0@AAV10@PBD@Z 0041afe4     Source.obj
 0003:00001ffc       __ehfuncinfo$??$?6U?$char_traits@D@std@@@std@@YAAAV?$basic_ostream@DU?$char_traits@D@std@@@0@AAV10@PBD@Z 0041affc     Source.obj
 0003:0000202c       __ehfuncinfo$??1_Sentry_base@?$basic_ostream@DU?$char_traits@D@std@@@std@@QAE@XZ 0041b02c     Source.obj
 0003:00002054       __unwindtable$??0sentry@?$basic_ostream@DU?$char_traits@D@std@@@std@@QAE@AAV12@@Z 0041b054     Source.obj
 0003:0000205c       __ehfuncinfo$??0sentry@?$basic_ostream@DU?$char_traits@D@std@@@std@@QAE@AAV12@@Z 0041b05c     Source.obj
 0003:00002084       __ehfuncinfo$??1sentry@?$basic_ostream@DU?$char_traits@D@std@@@std@@QAE@XZ 0041b084     Source.obj
 0003:000020b0       __sehtable$?__scrt_common_main_seh@@YAHXZ 0041b0b0     MSVCRTD:exe_main.obj
 0003:000020d0       __sehtable$?notify_debugger@@YAXABUtagEXCEPTION_VISUALCPP_DEBUG_INFO@@@Z 0041b0d0     MSVCRTD:error.obj
 0003:000020f0       __sehtable$___scrt_is_nonwritable_in_current_image 0041b0f0     MSVCRTD:utility.obj
 0004:00000138       ?init@?1??_RTC_InitBase@@9@4_NA 0041c138     MSVCRTD:init.obj
 0004:00000150       _GS_ExceptionRecord        0041c150     MSVCRTD:gs_report.obj
 0004:000001a0       _GS_ContextRecord          0041c1a0     MSVCRTD:gs_report.obj
 0004:0000050c       ?_RTC_ErrorReportFunc@@3P6AHHPBDH00ZZA 0041c50c     MSVCRTD:userapi.obj
 0004:00000510       ?_RTC_ErrorReportFuncW@@3P6AHHPB_WH00ZZA 0041c510     MSVCRTD:userapi.obj
 0004:00000520       ?is_initialized_as_dll@@3_NA 0041c520     MSVCRTD:utility.obj
 0004:00000521       ?module_local_atexit_table_initialized@@3_NA 0041c521     MSVCRTD:utility.obj
 0004:00000524       ?module_local_atexit_table@@3U_onexit_table_t@@A 0041c524     MSVCRTD:utility.obj
 0004:00000530       ?module_local_at_quick_exit_table@@3U_onexit_table_t@@A 0041c530     MSVCRTD:utility.obj
 0004:00000568       ?mspdb@@3PAUHINSTANCE__@@A 0041c568     MSVCRTD:pdblkup.obj
 0004:0000056c       ?alreadyTried@?1??GetPdbDll@@YAPAUHINSTANCE__@@XZ@4_NA 0041c56c     MSVCRTD:pdblkup.obj
 0004:0000056d       ?PDBOK@?1??_RTC_GetSrcLine@@YAHPAEPA_WKPAH1K@Z@4_NA 0041c56d     MSVCRTD:pdblkup.obj
 0005:000009b2       .idata$6                   0041d9b2     msvcprtd:MSVCP140D.dll
 0005:00000a9c       .idata$6                   0041da9c     vcruntimed:VCRUNTIME140D.dll
 0005:00000d3c       .idata$6                   0041dd3c     ucrtd:ucrtbased.dll
 0005:00000f20       .idata$6                   0041df20     kernel32:KERNEL32.dll
 0006:00000000       __68CC8892_vcruntime_new@h 0041f000     Source.obj
 0006:00000001       __09340588_corecrt_math@h  0041f001     Source.obj
 0006:00000002       __24E9E95F_stdlib@h        0041f002     Source.obj
 0006:00000003       __B0B2AE59_cstdlib         0041f003     Source.obj
 0006:00000004       __0CE2504A_cmath           0041f004     Source.obj
 0006:00000005       __F66CEB67_corecrt_stdio_config@h 0041f005     Source.obj
 0006:00000006       __101834BA_corecrt_wstdio@h 0041f006     Source.obj
 0006:00000007       __AD6A91B7_stdio@h         0041f007     Source.obj
 0006:00000008       __367CC694_corecrt_memcpy_s@h 0041f008     Source.obj
 0006:00000009       __35D7DDB3_corecrt_memory@h 0041f009     Source.obj
 0006:0000000a       __DC9673E3_corecrt_wstring@h 0041f00a     Source.obj
 0006:0000000b       __A29A7DFB_string@h        0041f00b     Source.obj
 0006:0000000c       __5467428D_corecrt_wconio@h 0041f00c     Source.obj
 0006:0000000d       __4442441F_corecrt_wio@h   0041f00d     Source.obj
 0006:0000000e       __45F4AF76_corecrt_wtime@h 0041f00e     Source.obj
 0006:0000000f       __186FF47F_stat@h          0041f00f     Source.obj
 0006:00000010       __534C724A_wchar@h         0041f010     Source.obj
 0006:00000011       __79389A52_type_traits     0041f011     Source.obj
 0006:00000012       __9DD7FB47_xutility        0041f012     Source.obj
 0006:00000013       __B0C4CEA9_malloc@h        0041f013     Source.obj
 0006:00000014       __E60FAE9C_vcruntime_exception@h 0041f014     Source.obj
 0006:00000015       __5E1BED6E_exception       0041f015     Source.obj
 0006:00000016       __E380AC8B_limits          0041f016     Source.obj
 0006:00000017       __ED2A4811_xmemory         0041f017     Source.obj
 0006:00000018       __99F9CE8D_xstring         0041f018     Source.obj
 0006:00000019       __D755D733_stdexcept       0041f019     Source.obj
 0006:0000001a       __6D45D93D_xcall_once@h    0041f01a     Source.obj
 0006:0000001b       __D218CB1D_system_error    0041f01b     Source.obj
 0006:0000001c       __78FD32FC_vcruntime_typeinfo@h 0041f01c     Source.obj
 0006:0000001d       __ED08085E_typeinfo        0041f01d     Source.obj
 0006:0000001e       __5F2EA005_memory          0041f01e     Source.obj
 0006:0000001f       __736BF70A_xfacet          0041f01f     Source.obj
 0006:00000020       __7242C389_ctype@h         0041f020     Source.obj
 0006:00000021       __F281EB96_xlocinfo        0041f021     Source.obj
 0006:00000022       __46C7BABC_xlocale         0041f022     Source.obj
 0006:00000023       __CB649C85_xiosbase        0041f023     Source.obj
 0006:00000024       __D840DCAB_xlocnum         0041f024     Source.obj
 0006:00000025       __593D1C9E_ios             0041f025     Source.obj
 0006:00000026       __DC6E0D28_Source@cpp      0041f026     Source.obj
 0006:00000027       __36075542_istream         0041f027     Source.obj
 0006:00000028       __55D76078_ostream         0041f028     Source.obj
 0006:00000029       __D5F56F8F_streambuf       0041f029     Source.obj
 0006:0000002a       __8C7B4C07_iterator        0041f02a     Source.obj
 0006:0000002b       __2F69790D_iosfwd          0041f02b     Source.obj
 0006:0000002c       __87BF2BD2_utility         0041f02c     Source.obj
 0006:0000002d       __70A0BCC0_xstddef         0041f02d     Source.obj
 0006:0000002e       __541761B8_xatomic@h       0041f02e     Source.obj
 0008:00000170       $R000000                   00421170     * linker generated manifest res *
